Γû▓ Next.js 16.1.6 (Turbopack)
- Environments: .env.local

node.exe : ΓÜá The 
"middleware" file 
convention is 
deprecated. Please 
use "proxy" instead. 
Learn more: https://ne
xtjs.org/docs/messages
/middleware-to-proxy
At C:\Program Files\no
dejs\npx.ps1:29 char:3
+   & $NODE_EXE 
$NPX_CLI_JS $args
+   ~~~~~~~~~~~~~~~~~~
~~~~~~~~~~~
    + CategoryInfo    
          : NotSpeci  
  fied: (ΓÜá The "m   
 iddle...leware-to    
-proxy:String) []    
, RemoteException
    + FullyQualifiedE 
   rrorId : NativeCo  
  mmandError
 
  Creating an optimized production build ...

> Build error occurred
Error: Turbopack 
build failed with 1 
errors:
./src/app/admin/produc
ts/page.tsx:9:1
Module not found: 
Can't resolve '@/hooks
/useImagePreload'
[0m [90m  7 |[39m 
[36mimport[39m { 
getCategories } 
[36mfrom[39m [32m"@
/lib/supabase/categori
es"[39m[33m;[39m
 [90m  8 |[39m 
[36mimport[39m { 
invalidateAdminCache 
} [36mfrom[39m [32m
"@/lib/supabase/admin"
[39m[33m;[39m
[31m[1m>[22m[39m[
90m  9 |[39m 
[36mimport[39m { 
useImagePreload } 
[36mfrom[39m [32m"@
/hooks/useImagePreload
"[39m[33m;[39m
 [90m    |[39m [31m
[1m^[22m[39m[31m[
1m^[22m[39m[31m[1m
^[22m[39m[31m[1m^
[22m[39m[31m[1m^[2
2m[39m[31m[1m^[22m
[39m[31m[1m^[22m[
39m[31m[1m^[22m[39
m[31m[1m^[22m[39m
[31m[1m^[22m[39m[3
1m[1m^[22m[39m[31m
[1m^[22m[39m[31m[
1m^[22m[39m[31m[1m
^[22m[39m[31m[1m^
[22m[39m[31m[1m^[2
2m[39m[31m[1m^[22m
[39m[31m[1m^[22m[
39m[31m[1m^[22m[39
m[31m[1m^[22m[39m
[31m[1m^[22m[39m[3
1m[1m^[22m[39m[31m
[1m^[22m[39m[31m[
1m^[22m[39m[31m[1m
^[22m[39m[31m[1m^
[22m[39m[31m[1m^[2
2m[39m[31m[1m^[22m
[39m[31m[1m^[22m[
39m[31m[1m^[22m[39
m[31m[1m^[22m[39m
[31m[1m^[22m[39m[3
1m[1m^[22m[39m[31m
[1m^[22m[39m[31m[
1m^[22m[39m[31m[1m
^[22m[39m[31m[1m^
[22m[39m[31m[1m^[2
2m[39m[31m[1m^[22m
[39m[31m[1m^[22m[
39m[31m[1m^[22m[39
m[31m[1m^[22m[39m
[31m[1m^[22m[39m[3
1m[1m^[22m[39m[31m
[1m^[22m[39m[31m[
1m^[22m[39m[31m[1m
^[22m[39m[31m[1m^
[22m[39m[31m[1m^[2
2m[39m[31m[1m^[22m
[39m[31m[1m^[22m[
39m[31m[1m^[22m[39
m[31m[1m^[22m[39m
[31m[1m^[22m[39m[3
1m[1m^[22m[39m[31m
[1m^[22m[39m[31m[
1m^[22m[39m[31m[1m
^[22m[39m
 [90m 10 |[39m 
[36mimport[39m { 
 [90m 11 |[39m   [3
3mPlus[39m[33m,[39m
 
 [90m 12 |[39m   [3
3mSearch[39m[33m,[3
9m [0m

Import map: aliased 
to relative './src/hoo
ks/useImagePreload' 
inside of [project]/


Import traces:
  Client Component 
Browser:
    ./src/app/admin/pr
oducts/page.tsx 
[Client Component 
Browser]
    ./src/app/admin/pr
oducts/page.tsx 
[Server Component]

  Client Component 
SSR:
    ./src/app/admin/pr
oducts/page.tsx 
[Client Component SSR]
    ./src/app/admin/pr
oducts/page.tsx 
[Server Component]

https://nextjs.org/doc
s/messages/module-not-
found


    at <unknown> (./sr
c/app/admin/products/p
age.tsx:9:1)
    at <unknown> (http
s://nextjs.org/docs/me
ssages/module-not-foun
d)
